// Jest Snapshot v1, https://goo.gl/fbAQLP

exports[`renders correctly 1`] = `
<View
  style={
    Object {
      "backgroundColor": "#fff",
      "flex": 1,
      "height": 1334,
    }
  }
>
  <View
    onLayout={[Function]}
  >
    <View
      noLeft={true}
      style={
        Object {
          "backgroundColor": "#F8F8F8",
          "borderBottomColor": "#a7a6ab",
          "borderBottomWidth": 0.5,
          "elevation": 3,
          "flexDirection": "row",
          "height": 64,
          "justifyContent": "center",
          "left": 0,
          "paddingLeft": 6,
          "paddingRight": 10,
          "paddingTop": 18,
          "right": 0,
          "shadowColor": undefined,
          "shadowOffset": undefined,
          "shadowOpacity": undefined,
          "shadowRadius": undefined,
          "top": 0,
        }
      }
    >
      <View
        style={
          Object {
            "alignItems": "center",
            "alignSelf": "center",
            "flex": 1,
          }
        }
      >
        <Text
          style={
            Object {
              "alignSelf": "center",
              "color": "white",
              "fontSize": 18,
            }
          }
        >
          QRCode Demo
        </Text>
      </View>
    </View>
  </View>
  <RCTScrollView
    automaticallyAdjustContentInsets={false}
    contentContainerStyle={
      Array [
        Object {
          "padding": undefined,
        },
        Object {
          "flex": 1,
          "justifyContent": "center",
        },
      ]
    }
    contentInset={
      Object {
        "bottom": 0,
      }
    }
    enableAutomaticScroll={true}
    enableOnAndroid={false}
    enableResetScrollToCoords={true}
    extraHeight={75}
    extraScrollHeight={0}
    getScrollResponder={[Function]}
    handleOnScroll={[Function]}
    keyboardDismissMode="interactive"
    keyboardOpeningTime={250}
    keyboardShouldPersistTaps="handled"
    keyboardSpace={0}
    onScroll={[Function]}
    resetKeyboardSpace={[Function]}
    resetScrollToCoords={
      Object {
        "x": 0,
        "y": 0,
      }
    }
    scrollEventThrottle={1}
    scrollForExtraHeightOnAndroid={[Function]}
    scrollIntoView={[Function]}
    scrollToEnd={[Function]}
    scrollToFocusedInput={[Function]}
    scrollToPosition={[Function]}
    showsVerticalScrollIndicator={true}
    style={
      Object {
        "backgroundColor": "transparent",
        "flex": 1,
      }
    }
    update={[Function]}
    viewIsInsideTabBar={false}
  >
    <View>
      <View
        style={
          Object {
            "alignItems": "center",
            "flex": 1,
            "flexDirection": "column",
            "justifyContent": "center",
          }
        }
      >
        <Text>
          No data
        </Text>
        <View
          accessible={true}
          isTVSelectable={true}
          onResponderGrant={[Function]}
          onResponderMove={[Function]}
          onResponderRelease={[Function]}
          onResponderTerminate={[Function]}
          onResponderTerminationRequest={[Function]}
          onStartShouldSetResponder={[Function]}
          style={
            Object {
              "alignItems": "center",
              "alignSelf": "center",
              "backgroundColor": "#007aff",
              "borderBottomWidth": null,
              "borderColor": "#007aff",
              "borderLeftWidth": null,
              "borderRadius": 5,
              "borderRightWidth": null,
              "borderTopWidth": null,
              "borderWidth": undefined,
              "elevation": 2,
              "flexDirection": "row",
              "height": 45,
              "justifyContent": "space-between",
              "marginTop": 20,
              "opacity": 1,
              "paddingBottom": 6,
              "paddingTop": 6,
              "shadowColor": undefined,
              "shadowOffset": undefined,
              "shadowOpacity": undefined,
              "shadowRadius": undefined,
            }
          }
        >
          <Text
            allowFontScaling={false}
            style={
              Array [
                Object {
                  "color": undefined,
                  "fontSize": 12,
                },
                Array [
                  Object {
                    "color": "#000",
                    "fontSize": 30,
                  },
                  Object {
                    "color": "#fff",
                    "fontSize": 24,
                    "marginLeft": 16,
                    "marginRight": 16,
                    "paddingTop": 2,
                  },
                ],
                Object {
                  "fontFamily": "Ionicons",
                  "fontStyle": "normal",
                  "fontWeight": "normal",
                },
                Object {},
              ]
            }
          >
            Ôè∂
          </Text>
        </View>
      </View>
    </View>
  </RCTScrollView>
</View>
`;
